user_Filt_AMM_04(hv_Input,hv_Win_Len,hv_Move_Avg,hv_thrMB,hv_thrSP,hv_Tuple_Avg_CMax,hv_Tuple_Avg_CMin,hv_Tuple_Avg_MM_Th)
short.ascii=Medial filter
short.latex=Medial filter
abstract.ascii=A more extended description can be placed in the abstract slot. Itis also possible to refer to a more general description of the chapterUserExtension.
abstract.latex=A more extended description can be placed in the abstract slot. Itis also possible to refer to a more general description of the chapter\ChapRef{UserExtension}.
functionality=object
module=0 Foundation
parameter=hv_Input
parameter_class=input_control
type_list=real
default_type=real
sem_type=real
multivalue=optional
parameter=hv_Win_Len
parameter_class=input_control
type_list=real
default_type=real
sem_type=real
multivalue=false
parameter=hv_Move_Avg
parameter_class=input_control
type_list=real
default_type=real
sem_type=real
multivalue=false
parameter=hv_thrMB
parameter_class=input_control
type_list=real
default_type=real
sem_type=real
multivalue=false
parameter=hv_thrSP
parameter_class=input_control
type_list=real
default_type=real
sem_type=real
multivalue=false
parameter=hv_Tuple_Avg_CMax
parameter_class=output_control
type_list=real
default_type=real
sem_type=real
multivalue=false
parameter=hv_Tuple_Avg_CMin
parameter_class=output_control
type_list=real
default_type=real
sem_type=real
multivalue=false
parameter=hv_Tuple_Avg_MM_Th
parameter_class=output_control
type_list=real
default_type=real
sem_type=real
multivalue=false
